#
# the Waters of the Angry Hangman-----------------------------------------------------------------------
#
*|ElfPirateCaptain||||||3426|2815|-5|1|45|60|6|6|720|1|0|0|0|0|0
*|ElfPirateCrew|ElfPirateCrewBow|ElfPirateCrewMage||||3426|2815|15|1|45|60|17|17|721|8|6|4|0|0|0
#
# the Waters of the Barge of Poseidon-----------------------------------------------------------------------
#
*|ElfPirateCaptain||||||386|2999|-5|1|45|60|6|6|4|1|0|0|0|0|0
*|ElfPirateCrew|ElfPirateCrewBow|ElfPirateCrewMage||||386|2999|15|1|45|60|17|17|5|8|6|4|0|0|0
#
# the Waters of the Dark Treasure-----------------------------------------------------------------------
#
*|ElfPirateCaptain||||||2306|1719|-5|1|45|60|6|6|422|1|0|0|0|0|0
*|ElfPirateCrew|ElfPirateCrewBow|ElfPirateCrewMage||||2306|1719|15|1|45|60|17|17|423|8|6|4|0|0|0
#
# the Waters of the Darkened Sea-----------------------------------------------------------------------
#
*|ElfPirateCaptain||||||1788|688|-5|1|45|60|6|6|244|1|0|0|0|0|0
*|ElfPirateCrew|ElfPirateCrewBow|ElfPirateCrewMage||||1788|688|15|1|45|60|17|17|245|8|6|4|0|0|0
#
# the Waters of the Demon's Scurvy-----------------------------------------------------------------------
#
*|AncientLich||||||940|3807|-5|1|45|60|6|6|132|1|0|0|0|0|0
*|SkeletalKnight|Spectre|SkeletalMage|Ghoul|Zombie||940|3807|15|1|45|60|17|17|133|8|2|4|2|2|0
#
# the Waters of the Golden Sail-----------------------------------------------------------------------
#
*|ElfPirateCaptain||||||914|1495|-5|1|45|60|6|6|125|1|0|0|0|0|0
*|ElfPirateCrew|ElfPirateCrewBow|ElfPirateCrewMage||||914|1495|15|1|45|60|17|17|126|8|6|4|0|0|0
#
# the Waters of the Hellish Eel-----------------------------------------------------------------------
#
*|ElfPirateCaptain||||||4082|295|-5|1|45|60|6|6|823|1|0|0|0|0|0
*|ElfPirateCrew|ElfPirateCrewBow|ElfPirateCrewMage||||4082|295|15|1|45|60|17|17|824|8|6|4|0|0|0
#
# the Waters of the Mad Wolf-----------------------------------------------------------------------
#
*|ElfPirateCaptain||||||4690|3719|-5|1|45|60|6|6|946|1|0|0|0|0|0
*|ElfPirateCrew|ElfPirateCrewBow|ElfPirateCrewMage||||4690|3719|15|1|45|60|17|17|947|8|6|4|0|0|0
#
# the Waters of the Poisoned Blade-----------------------------------------------------------------------
#
*|ElfPirateCaptain||||||284|384|-5|1|45|60|6|6|1|1|0|0|0|0|0
*|ElfPirateCrew|ElfPirateCrewBow|ElfPirateCrewMage||||284|384|15|1|45|60|17|17|2|8|6|4|0|0|0
#
# the Waters of the Privateer's Greed-----------------------------------------------------------------------
#
*|ElfPirateCaptain||||||4428|2128|-5|1|45|60|6|6|942|1|0|0|0|0|0
*|ElfPirateCrew|ElfPirateCrewBow|ElfPirateCrewMage||||4428|2128|15|1|45|60|17|17|943|8|6|4|0|0|0
#
# the Waters of the Rage of the Sea-----------------------------------------------------------------------
#
*|ElfPirateCaptain||||||3300|1976|-5|1|45|60|6|6|709|1|0|0|0|0|0
*|ElfPirateCrew|ElfPirateCrewBow|ElfPirateCrewMage||||3300|1976|15|1|45|60|17|17|710|8|6|4|0|0|0
#
# the Waters of the Screaming Serpent-----------------------------------------------------------------------
#
*|ElfPirateCaptain||||||4756|1176|-5|1|45|60|6|6|948|1|0|0|0|0|0
*|ElfPirateCrew|ElfPirateCrewBow|ElfPirateCrewMage||||4756|1176|15|1|45|60|17|17|949|8|6|4|0|0|0
#
# the Waters of the Shameful Captain-----------------------------------------------------------------------
#
*|ElfPirateCaptain||||||3508|3824|-5|1|45|60|6|6|725|1|0|0|0|0|0
*|ElfPirateCrew|ElfPirateCrewBow|ElfPirateCrewMage||||3508|3824|15|1|45|60|17|17|726|8|6|4|0|0|0
#
# the Waters of the Blade of Neptune-----------------------------------------------------------------------
#
*|PirateCaptain||||||226|215|-5|2|45|60|6|6|3186|1|0|0|0|0|0
*|PirateCrew|PirateCrewBow|PirateCrewMage||||226|215|15|2|45|60|17|17|3187|8|6|4|0|0|0
#
# the Waters of the Bloody Wave-----------------------------------------------------------------------
#
*|PirateCaptain||||||1212|2392|-5|2|45|60|6|6|3486|1|0|0|0|0|0
*|PirateCrew|PirateCrewBow|PirateCrewMage||||1212|2392|15|2|45|60|17|17|3487|8|6|4|0|0|0
#
# the Waters of the Captain's Whore-----------------------------------------------------------------------
#
*|PirateCaptain||||||450|967|-5|2|45|60|6|6|3212|1|0|0|0|0|0
*|PirateCrew|PirateCrewBow|PirateCrewMage||||450|967|15|2|45|60|17|17|3213|8|6|4|0|0|0
#
# the Waters of the Cruel Mistress-----------------------------------------------------------------------
#
*|PirateCaptain||||||1690|327|-5|2|45|60|6|6|3664|1|0|0|0|0|0
*|PirateCrew|PirateCrewBow|PirateCrewMage||||1690|327|15|2|45|60|17|17|3665|8|6|4|0|0|0
#
# the Waters of the Damned Skull-----------------------------------------------------------------------
#
*|PirateCaptain||||||2242|2895|-5|2|45|60|6|6|3850|1|0|0|0|0|0
*|PirateCrew|PirateCrewBow|PirateCrewMage||||2242|2895|15|2|45|60|17|17|3851|8|6|4|0|0|0
#
# the Waters of the Dragon's Wave-----------------------------------------------------------------------
#
*|PirateCaptain||||||4212|880|-5|2|45|60|6|6|4882|1|0|0|0|0|0
*|PirateCrew|PirateCrewBow|PirateCrewMage||||4212|880|15|2|45|60|17|17|4883|8|6|4|0|0|0
#
# the Waters of the Jewel of the Deep-----------------------------------------------------------------------
#
*|PirateCaptain||||||1801|2277|-5|2|45|60|6|6|3701|1|0|0|0|0|0
*|PirateCrew|PirateCrewBow|PirateCrewMage||||1801|2277|15|2|45|60|13|13|3702|8|6|4|0|0|0
#
# the Waters of the Kraken's Heart-----------------------------------------------------------------------
#
*|PirateCaptain||||||4858|1703|-5|2|45|60|6|6|5099|1|0|0|0|0|0
*|PirateCrew|PirateCrewBow|PirateCrewMage||||4858|1703|15|2|45|60|17|17|5100|8|6|4|0|0|0
#
# the Waters of the Morbid Sail-----------------------------------------------------------------------
#
*|PirateCaptain||||||3394|463|-5|2|45|60|6|6|4573|1|0|0|0|0|0
*|PirateCrew|PirateCrewBow|PirateCrewMage||||3394|463|15|2|45|60|17|17|4574|8|6|4|0|0|0
#
# the Waters of the Night's Raid-----------------------------------------------------------------------
#
*|PirateCaptain||||||4116|1952|-5|2|45|60|6|6|4878|1|0|0|0|0|0
*|PirateCrew|PirateCrewBow|PirateCrewMage||||4116|1952|15|2|45|60|17|17|4879|8|6|4|0|0|0
#
# the Waters of the Pearl of Hades-----------------------------------------------------------------------
#
*|PirateCaptain||||||428|1992|-5|2|45|60|6|6|3207|1|0|0|0|0|0
*|PirateCrew|PirateCrewBow|PirateCrewMage||||428|1992|15|2|45|60|17|17|3208|8|6|4|0|0|0
#
# the Waters of the Rage of the Nine-----------------------------------------------------------------------
#
*|PirateCaptain||||||444|2824|-5|2|45|60|6|6|3210|1|0|0|0|0|0
*|PirateCrew|PirateCrewBow|PirateCrewMage||||444|2824|15|2|45|60|17|17|3211|8|6|4|0|0|0
#
# the Waters of the Silver Sun-----------------------------------------------------------------------
#
*|PirateCaptain||||||4780|360|-5|2|45|60|6|6|5081|1|0|0|0|0|0
*|PirateCrew|PirateCrewBow|PirateCrewMage||||4780|360|15|2|45|60|17|17|5082|8|6|4|0|0|0
#
# the Waters of the Whispering Wind-----------------------------------------------------------------------
#
*|PirateCaptain||||||1762|2247|-5|2|45|60|6|6|3689|1|0|0|0|0|0
*|PirateCrew|PirateCrewBow|PirateCrewMage||||1762|2247|15|2|45|60|17|17|3690|8|6|4|0|0|0
#
# the Waters of the Bloody Wave-----------------------------------------------------------------------
#
*|PirateCaptain||||||122|1359|-5|5|45|60|6|6|7546|1|0|0|0|0|0
*|PirateCrew|PirateCrewBow|PirateCrewMage||||122|1359|15|5|45|60|17|17|7547|8|6|4|0|0|0
#
# the Waters of the Doom of the Isles-----------------------------------------------------------------------
#
*|PirateCaptain||||||468|56|-5|5|45|60|6|6|7629|1|0|0|0|0|0
*|PirateCrew|PirateCrewBow|PirateCrewMage||||468|56|15|5|45|60|17|17|7630|8|6|4|0|0|0
#
# the Waters of the Dreams of Gold-----------------------------------------------------------------------
#
*|PirateCaptain||||||668|1312|-5|5|45|60|6|6|7634|1|0|0|0|0|0
*|PirateCrew|PirateCrewBow|PirateCrewMage||||668|1312|15|5|45|60|17|17|7635|8|6|4|0|0|0
#
# the Waters of the Fearful Eye of Neptune-----------------------------------------------------------------------
#
*|PirateCaptain||||||964|136|-5|5|45|60|6|6|7652|1|0|0|0|0|0
*|PirateCrew|PirateCrewBow|PirateCrewMage||||964|136|15|5|45|60|17|17|7653|8|6|4|0|0|0
#
# the Waters of the Maiden's Anchor-----------------------------------------------------------------------
#
*|PirateCaptain||||||434|831|-5|5|45|60|6|6|7625|1|0|0|0|0|0
*|PirateCrew|PirateCrewBow|PirateCrewMage||||434|831|15|5|45|60|17|17|7626|8|6|4|0|0|0
#
# the Waters of the Plunderer's Skull-----------------------------------------------------------------------
#
*|PirateCaptain||||||1276|576|-5|5|45|60|6|6|7698|1|0|0|0|0|0
*|PirateCrew|PirateCrewBow|PirateCrewMage||||1276|576|15|5|45|60|17|17|7699|8|6|4|0|0|0
#
# the Waters of the Screaming Mermaid-----------------------------------------------------------------------
#
*|PirateCaptain||||||50|223|-5|5|45|60|6|6|7533|1|0|0|0|0|0
*|PirateCrew|PirateCrewBow|PirateCrewMage||||50|223|15|5|45|60|17|17|7534|8|6|4|0|0|0
#
# the Waters of the Sea's Wrath-----------------------------------------------------------------------
#
*|PirateCaptain||||||618|391|-5|5|45|60|6|6|7631|1|0|0|0|0|0
*|PirateCrew|PirateCrewBow|PirateCrewMage||||618|391|15|5|45|60|17|17|7632|8|6|4|0|0|0
#
# the Waters of the Siren's Blood-----------------------------------------------------------------------
#
*|PirateCaptain||||||988|792|-5|5|45|60|6|6|7655|1|0|0|0|0|0
*|PirateCrew|PirateCrewBow|PirateCrewMage||||988|792|15|5|45|60|17|17|7656|8|6|4|0|0|0