## LODORIA
*|GiantCrab:LesserSeaSnake:SeaWeeder:SeaZombie:WaterBeetleRiding:Snapper|AquaticGhoul:FloatingEye:GiantEel:GiantLamprey:LightningElemental:Lobstran:Lurker:OilSlick:SeaGhost:SeaHag:SeaSerpent:Shark:SeaSnake:SeaTroll:Slitheran:StormCloud:Typhoon:WaterElemental:WaterStrider:WaterWeird|GreatWhite:DeepSeaSerpent:EyeOfTheDeep:GiantSquid:Neptar:NeptarWizard:SeaDrake|Dagon:DeepWaterElemental:DemonOfTheSea:DragonTurtle:KelpElemental:Kraken:Calamari:Megalodon:Krakoa:Leviathan:SeaDragon:SeaHagGreater:Wyvra|Dolphin:SeaHorses||3|3|-2|1|1|1|7000|1|9999|319|213|106|53|26|13
*|WanderingHealer||||||3|3|0|1|1|1|7000|1|9999|25|0|0|0|0|0
*|ElfBoatSailorMage:ElfBoatSailorArcher:ElfBoatSailorBard|ElfBoatPirateMage:ElfBoatPirateArcher:ElfBoatPirateBard|Dragons:Daemon|Balron:Wyrms|||3|3|0|1|1|1|7000|1|9999|40|40|15|5|0|0
*|LandChest|Adventurers|||||3|3|0|1|1|1|7000|1|9999|125|75|0|0|0|0
*|WaterChest||||||3|3|0|1|1|1|7000|1|9999|125|0|0|0|0|0
*|Syth||||||3|3|0|1|1|1|7000|1|9999|5|0|0|0|0|0
*|SailorElf:SailorElf:SailorElf:SailorElf:SailorElf:SailorAngel|PirateDrow|PirateCult:PirateDarkLord:PirateDevil:PirateDragonogre:PirateEttinMage:PirateLichLord:PirateSuccubus:PirateTitan|SailorElfGuards:SailorElfGuards:SailorElfGuards:SailorElfGuards:SailorElfGuards:SailorAngelLord|PirateCyclops:PirateDaemon:PirateDemon:PirateDemoness:PirateGargoyle:PirateGhost:PirateGrathek:PirateLich:PirateMinotaur:PirateNatives:PirateOgreLord:PirateSakleth:PirateSkeleton:PirateSnakeMan:PirateTroll:PirateUndead||3|3|0|1|1|1|7000|1|9999|15|10|5|5|5|0

## SOSARIA
*|GiantCrab:LesserSeaSnake:SeaWeeder:SeaZombie:WaterBeetleRiding:Snapper|AquaticGhoul:FloatingEye:GiantEel:GiantLamprey:Lobstran:OilSlick:Raptus:SeaGhost:SeaHag:SeaSerpent:Shark:SeaSnake:SeaTroll:Slitheran:StormCloud:Typhoon:WaterElemental:WaterStrider:WaterWeird|GreatWhite:DeepSeaSerpent:EyeOfTheDeep:GiantSquid:Neptar:NeptarWizard:SeaDrake:SeaweedElemental|Dagon:DeepWaterElemental:DemonOfTheSea:DragonTurtle:Kraken:Calamari:Megalodon:Krakoa:Leviathan:SeaDragon:SeaHagGreater:Wyvra|Dolphin:SeaHorses||3|3|-2|2|1|1|7000|1|9999|229|152|76|38|19|9
*|WanderingHealer||||||3|3|0|2|1|1|7000|1|9999|20|0|0|0|0|0
*|BoatSailorMage:BoatSailorArcher:BoatSailorBard|BoatPirateMage:BoatPirateArcher:BoatPirateBard|Dragons:Daemon|Balron:Wyrms|||3|3|0|2|1|1|7000|1|9999|30|30|15|5|0|0
*|LandChest|Adventurers|||||3|3|0|2|1|1|7000|1|9999|100|50|0|0|0|0
*|WaterChest||||||3|3|0|2|1|1|7000|1|9999|100|0|0|0|0|0
*|Syth||||||3|3|0|2|1|1|7000|1|9999|5|0|0|0|0|0
*|SailorMerchant:SailorMerchant:SailorMerchant:SailorMerchant:SailorMerchant:SailorAngel|PirateMen|PirateCult:PirateDarkLord:PirateDevil:PirateDragonogre:PirateEttinMage:PirateLichLord:PirateSuccubus:PirateTitan|SailorGuards:SailorGuards:SailorGuards:SailorGuards:SailorGuards:SailorAngelLord|PirateCyclops:PirateDaemon:PirateDemon:PirateDemoness:PirateGargoyle:PirateGhost:PirateGrathek:PirateLich:PirateMinotaur:PirateNatives:PirateOgreLord:PirateSakleth:PirateSkeleton:PirateSnakeMan:PirateTroll:PirateUndead||3|3|0|2|1|1|7000|1|9999|15|10|5|5|5|0

## AMBROSIA
*|GiantCrab:LesserSeaSnake:SeaWeeder:SeaZombie:WaterBeetleRiding:Snapper|AquaticGhoul:FloatingEye:GiantEel:GiantLamprey:Lobstran:OilSlick:Raptus:SeaGhost:SeaHag:SeaSerpent:Shark:SeaSnake:SeaTroll:Slitheran:StormCloud:Typhoon:WaterElemental:WaterStrider:WaterWeird|GreatWhite:DeepSeaSerpent:EyeOfTheDeep:GiantSquid:Neptar:NeptarWizard:SeaDrake:SeaweedElemental|Dagon:DeepWaterElemental:DemonOfTheSea:DragonTurtle:Kraken:Calamari:Megalodon:Krakoa:Leviathan:SeaDragon:SeaHagGreater:Wyvra|Dolphin:SeaHorses||5458|3301|-2|2|1|1|7000|1|9999|1|1|1|1|1|1
*|WanderingHealer||||||5458|3301|0|2|1|1|7000|1|9999|5|0|0|0|0|0
*|LandChest|Adventurers|||||5458|3301|-4|2|1|1|7000|1|9999|10|5|0|0|0|0

## UMBER VEIL
*|GiantCrab:LesserSeaSnake:SeaWeeder:SeaZombie:WaterBeetleRiding:Snapper|AquaticGhoul:FloatingEye:GiantEel:GiantLamprey:Lobstran:OilSlick:Raptus:SeaGhost:SeaHag:SeaSerpent:Shark:SeaSnake:SeaTroll:Slitheran:StormCloud:Typhoon:WaterElemental:WaterStrider:WaterWeird|GreatWhite:DeepSeaSerpent:EyeOfTheDeep:GiantSquid:Neptar:NeptarWizard:SeaDrake:SeaweedElemental|Dagon:DeepWaterElemental:DemonOfTheSea:DragonTurtle:Kraken:Calamari:Megalodon:Krakoa:Leviathan:SeaDragon:SeaHagGreater:Wyvra|Dolphin:SeaHorses||701|4093|-2|2|1|1|7000|1|9999|21|14|7|4|2|1
*|WanderingHealer||||||701|4093|0|2|1|1|7000|1|9999|5|0|0|0|0|0
*|BoatSailorMage:BoatSailorArcher:BoatSailorBard|BoatPirateMage:BoatPirateArcher:BoatPirateBard|Dragons:Daemon|Balron:Wyrms|||701|4093|2|2|1|1|7000|1|9999|5|5|2|1|0|0
*|LandChest|Adventurers|||||701|4093|0|2|1|1|7000|1|9999|10|5|0|0|0|0
*|WaterChest||||||701|4093|0|2|1|1|7000|1|9999|10|0|0|0|0|0
*|SailorMerchant:SailorMerchant:SailorMerchant:SailorMerchant:SailorMerchant:SailorAngel|PirateMen|PirateCult:PirateDarkLord:PirateDevil:PirateDragonogre:PirateEttinMage:PirateLichLord:PirateSuccubus:PirateTitan|SailorGuards:SailorGuards:SailorGuards:SailorGuards:SailorGuards:SailorAngelLord|PirateCyclops:PirateDaemon:PirateDemon:PirateDemoness:PirateGargoyle:PirateGhost:PirateGrathek:PirateLich:PirateMinotaur:PirateNatives:PirateOgreLord:PirateSakleth:PirateSkeleton:PirateSnakeMan:PirateTroll:PirateUndead||701|4093|0|2|1|1|7000|1|9999|5|4|1|1|1|0

## KULDAR
*|GiantCrab:LesserSeaSnake:SeaWeeder:SeaZombie:WaterBeetleRiding:Snapper|AquaticGhoul:FloatingEye:GiantEel:GiantLamprey:Lobstran:OilSlick:Raptus:SeaGhost:SeaHag:SeaSerpent:Shark:SeaSnake:SeaTroll:Slitheran:StormCloud:Typhoon:WaterElemental:WaterStrider:WaterWeird|GreatWhite:DeepSeaSerpent:EyeOfTheDeep:GiantSquid:Neptar:NeptarWizard:SeaDrake:SeaweedElemental|Dagon:DeepWaterElemental:DemonOfTheSea:DragonTurtle:Kraken:Calamari:Megalodon:Krakoa:Leviathan:SeaDragon:SeaHagGreater:Wyvra|Dolphin:SeaHorses||6129|830|-2|2|1|1|7000|1|9999|21|14|7|4|2|1
*|BoatSailorMage:BoatSailorArcher:BoatSailorBard|BoatPirateMage:BoatPirateArcher:BoatPirateBard|Dragons:Daemon|Balron:Wyrms|||6129|830|0|2|1|1|7000|1|9999|5|5|2|1|0|0
*|LandChest|Adventurers|||||6129|830|0|2|1|1|7000|1|9999|10|5|0|0|0|0
*|WaterChest||||||6129|830|0|2|1|1|7000|1|9999|10|0|0|0|0|0
*|SailorMerchant:SailorMerchant:SailorMerchant:SailorMerchant:SailorMerchant:SailorAngel|PirateMen|PirateCult:PirateDarkLord:PirateDevil:PirateDragonogre:PirateEttinMage:PirateLichLord:PirateSuccubus:PirateTitan|SailorGuards:SailorGuards:SailorGuards:SailorGuards:SailorGuards:SailorAngelLord|PirateCyclops:PirateDaemon:PirateDemon:PirateDemoness:PirateGargoyle:PirateGhost:PirateGrathek:PirateLich:PirateMinotaur:PirateNatives:PirateOgreLord:PirateSakleth:PirateSkeleton:PirateSnakeMan:PirateTroll:PirateUndead||6129|830|0|2|1|1|7000|1|9999|5|4|1|1|1|0

## SERPENT ISLAND
*|GiantCrab:LesserSeaSnake:SeaWeeder:WaterBeetleRiding:Snapper|DriftwoodElemental:FloatingEye:GiantEel:GiantLamprey:Lobstran:Lurker:SeaHag:SeaSerpent:Shark:SeaSnake:SeaTroll:Serpyn:StormCloud:Typhoon:WaterElemental:WaterStrider:WaterWeird|GreatWhite:DeepSeaSerpent:EyeOfTheDeep:GiantSquid:Neptar:NeptarWizard:SeaDrake:SeaweedElemental|Dagon:DeepWaterElemental:DemonOfTheSea:DragonTurtle:Kraken:Calamari:Megalodon:Krakoa:Leviathan:SeaDragon:SeaHagGreater:SerpynChampion:SerpynSorceress:Wyvra|Dolphin:SeaHorses||3|3|-2|4|1|1|7000|1|9999|43|29|14|7|4|2
*|WanderingHealer||||||3|3|0|4|1|1|7000|1|9999|10|0|0|0|0|0
*|BoatSailorMage:BoatSailorArcher:BoatSailorBard|BoatPirateMage:BoatPirateArcher:BoatPirateBard|Dragons:Daemon|Balron:Wyrms|||3|3|0|4|1|1|7000|1|9999|10|10|6|3|0|0
*|LandChest|Adventurers|||||3|3|0|4|1|1|7000|1|9999|35|17|0|0|0|0
*|WaterChest||||||3|3|0|4|1|1|7000|1|9999|35|0|0|0|0|0
*|Syth||||||3|3|0|4|1|1|7000|1|9999|3|0|0|0|0|0
*|SailorMerchant:SailorMerchant:SailorMerchant:SailorMerchant:SailorMerchant:SailorAngel|PirateOphidian|PirateCult:PirateDarkLord:PirateDevil:PirateDragonogre:PirateEttinMage:PirateLichLord:PirateSuccubus:PirateTitan|SailorAngelLord|PirateCyclops:PirateDaemon:PirateDemon:PirateDemoness:PirateGargoyle:PirateGhost:PirateGrathek:PirateLich:PirateMinotaur:PirateNatives:PirateOgreLord:PirateSakleth:PirateSkeleton:PirateSnakeMan:PirateTroll:PirateUndead||3|3|0|4|1|1|7000|1|9999|10|7|3|3|3|0

## ISLES OF DREAD
*|GiantCrab:LesserSeaSnake:SeaWeeder:SeaZombie:WaterBeetleRiding:Snapper|AquaticGhoul:DriftwoodElemental:FloatingEye:GiantEel:GiantLamprey:LightningElemental:Lobstran:Raptus:SeaGhost:SeaHag:SeaSerpent:Shark:SeaSnake:SeaTroll:StormCloud:Typhoon:WaterElemental:WaterStrider:WaterWeird|GreatWhite:DeepSeaSerpent:EyeOfTheDeep:GiantSquid:Neptar:NeptarWizard:SeaDrake|Dagon:DeepWaterElemental:DemonOfTheSea:DragonTurtle:KelpElemental:Kraken:Calamari:Megalodon:Krakoa:Leviathan:SeaDragon:SeaHagGreater:Wyvra|Dolphin:SeaHorses||3|3|-2|5|1|1|7000|1|9999|34|23|11|6|3|1
*|WanderingHealer||||||3|3|0|5|1|1|7000|1|9999|10|0|0|0|0|0
*|BoatSailorMage:BoatSailorArcher:BoatSailorBard|BoatPirateMage:BoatPirateArcher:BoatPirateBard|Dragons:Daemon|Balron:Wyrms|||3|3|2|5|1|1|7000|1|9999|15|15|8|4|0|0
*|LandChest|Adventurers|||||3|3|0|5|1|1|7000|1|9999|10|5|0|0|0|0
*|WaterChest||||||3|3|0|5|1|1|7000|1|9999|10|0|0|0|0|0
*|SailorMerchant:SailorMerchant:SailorMerchant:SailorMerchant:SailorMerchant:SailorAngel|PirateMen|PirateCult:PirateDarkLord:PirateDevil:PirateDragonogre:PirateEttinMage:PirateLichLord:PirateSuccubus:PirateTitan|SailorGuards:SailorGuards:SailorGuards:SailorGuards:SailorGuards:SailorAngelLord|PirateCyclops:PirateDaemon:PirateDemon:PirateDemoness:PirateGargoyle:PirateGhost:PirateGrathek:PirateLich:PirateMinotaur:PirateNatives:PirateOgreLord:PirateSakleth:PirateSkeleton:PirateSnakeMan:PirateTroll:PirateUndead||3|3|2|5|1|1|7000|1|9999|7|5|3|3|2|0

## SAVAGED EMPIRE
*|GiantCrab:LesserSeaSnake:SeaWeeder:Snapper|AquaticGhoul:FloatingEye:GiantEel:GiantLamprey:Lobstran:SeaHag:SeaSerpent:Shark:SeaSnake:SeaTroll:StormCloud:Tritun:TritunMage:Typhoon:WaterElemental:WaterStrider:WaterWeird|Basilosaurus:DeepSeaSerpent:EyeOfTheDeep:GiantSquid|Dagon:DeepWaterElemental:DragonTurtle:Kraken:Calamari:Megalodon:Lochasaur:Krakoa:Leviathan:SeaHagGreater|||1128|302|2|6|1|1|7000|1|9999|7|4|2|0|0|0
*|WanderingHealer||||||1128|302|0|6|1|1|7000|1|9999|10|0|0|0|0|0
*|LandChest|Adventurers|||||1128|302|0|6|1|1|7000|1|9999|20|10|0|0|0|0
*|WaterChest||||||1128|302|0|6|1|1|7000|1|9999|20|0|0|0|0|0
*|Syth||||||1128|302|0|6|1|1|7000|1|9999|2|0|0|0|0|0
*|SailorMerchant:SailorMerchant:SailorMerchant:SailorMerchant:SailorMerchant:SailorAngel|PirateNatives|PirateCult:PirateDarkLord:PirateDevil:PirateDragonogre:PirateEttinMage:PirateLichLord:PirateSuccubus:PirateTitan|SailorOrkGuards:SailorOrkGuards:SailorOrkGuards:SailorOrkGuards:SailorOrkGuards:SailorAngelLord|PirateCyclops:PirateDaemon:PirateDemon:PirateDemoness:PirateGargoyle:PirateGhost:PirateGrathek:PirateLich:PirateMinotaur:PirateNatives:PirateOgreLord:PirateSakleth:PirateSkeleton:PirateSnakeMan:PirateTroll:PirateUndead||1128|302|2|6|1|1|7000|1|9999|2|1|1|1|1|0

## UNDERWORLD
*|GiantCrab:LesserSeaSnake:SeaWeeder:SeaZombie:WaterBeetleRiding:Snapper|AquaticGhoul:FloatingEye:GiantEel:GiantLamprey:LightningElemental:Lobstran:Raptus:SeaGhost:SeaSerpent:Shark:SeaSnake:SeaTroll:WaterElemental:WaterStrider:WaterWeird|GreatWhite:DeepSeaSerpent:EyeOfTheDeep:GiantSquid:Serpyn:SerpynSorceress:SeaDrake:SeaweedElemental|Dagon:DeepWaterElemental:KelpElemental:Kraken:Calamari:Megalodon:Krakoa:Wyvra|DemonOfTheSea:Leviathan:SeaDragon:DragonTurtle:Cronosaurus||3|3|-2|3|1|1|7000|1|9999|43|29|14|7|4|2
*|Grum:Tuskadon:Skellot:Toraxen:AlbinoBat|ObsidianElemental:QuartzElemental:SapphireElemental:SilverElemental:SpinelElemental:StarRubyElemental:TopazElemental:GarnetElemental|||||4|4|-2|3|1|1|7000|1|9999|800|100|0|0|0|0
*|Durgar:Morlock:CragCat:DeadlyScorpion:HellHound:CreepingFungus:ShadowWisp:Fungal:Raptor:GreenSlime:StoneRoper:HeadlessOne:Zombie:ZombieMage:Vampire:SkeletalMage:Ghoul:Stirge:Orx|HookHorror:StygianGargoyle:Trollbear:GlowBeetleRiding:PhaseSpider:ZombieSpider:ShadowRecluse:FungalMage:Stalker:Basilisk:UmberHulk:SkeletalKnight:Drider:DriderWizard:ElfBerserker:ElfMage:ElfMinstrel:ElfMonks:ElfRogue:MinotaurSmall:OrxWarrior|AbysmalOgre:StygianGargoyleLord:RunicGolem:Lavapede:AbyssCrawler:Nightmare:Beholder:Seeker:Grathek|CaveFisher:AbyssCrawler:AbyssGiant:AbysmalDaemon:AncientNightmareRiding:GiantSkeleton:AbysmalDrake|AncientDrake:Manticore:HellBeast:Chimera:Cerberus:Vrock:DarkUnicornRiding:Watcher|AncientWyvern:EvilEnt:DragonGhost:ElderDragon:Kuthulu|4|4|0|3|1|1|7000|1|9999|200|100|50|25|12|6
*|LandChest|Syth|Adventurers||||4|4|-2|3|1|1|7000|1|9999|25|3|12|0|0|0
*|ElfBoatPirateMage:ElfBoatPirateArcher:ElfBoatPirateBard|Dragons:Daemon|Balron:Wyrms||||3|3|-1|3|1|1|7000|1|9999|5|2|1|0|0|0
*|PirateCyclops:PirateDaemon:PirateDemon:PirateDemoness:PirateDrow:PirateGargoyle:PirateGhost:PirateGrathek:PirateLich:PirateMinotaur:PirateSakleth:PirateSkeleton:PirateSnakeMan:PirateUndead|PirateDarkLord:PirateDevil:PirateDragonogre:PirateLichLord:PirateSuccubus:PirateTitan|||||3|3|4|3|1|1|7000|1|9999|2|1|0|0|0|0